🎲🎲🎲 EXIT CODE: 0 🎲🎲🎲
🟩🟩🟩 STDOUT️ 🟩🟩🟩️
ID              90ecba23-d1f5-4782-a085-a27e2e6f8d3d
OrganizationID  fa1e3217-dc80-42ac-85c3-3f034b78b552
ProjectID       fa1e3217-dc80-42ac-85c3-3f034b78b552
Name            cli-bm-eloquent-cartwright
Description     -
UpdatedAt       few seconds ago
CreatedAt       few seconds ago
Status          ready
OfferID         ddb09834-8680-4339-b5e3-19ca5205fa1f
OfferName       EM-I215E-NVME
Domain          -
BootType        normal
Zone            fr-par-2
PingStatus      unknown
Protected       false

IPs:
ID                                    ADDRESS                                REVERSE  VERSION  REVERSE STATUS  REVERSE STATUS MESSAGE
80740da6-4592-4474-bffe-f5010ef564f8  2001:bc8:1201:a22:b683:51ff:fe0f:6bbc  -        IPv6     unknown         -
eaa34473-d2bb-4313-9eaa-74d345bd96e7  195.154.100.192                        -        IPv4     unknown         -

Options:
ID   NAME  STATUS  MANAGEABLE  EXPIRES AT
🟩🟩🟩 JSON STDOUT 🟩🟩🟩
{
  "id": "90ecba23-d1f5-4782-a085-a27e2e6f8d3d",
  "organization_id": "fa1e3217-dc80-42ac-85c3-3f034b78b552",
  "project_id": "fa1e3217-dc80-42ac-85c3-3f034b78b552",
  "name": "cli-bm-eloquent-cartwright",
  "description": "",
  "updated_at": "1970-01-01T00:00:00.0Z",
  "created_at": "1970-01-01T00:00:00.0Z",
  "status": "ready",
  "offer_id": "ddb09834-8680-4339-b5e3-19ca5205fa1f",
  "offer_name": "EM-I215E-NVME",
  "tags": [],
  "ips": [
    {
      "id": "80740da6-4592-4474-bffe-f5010ef564f8",
      "address": "2001:bc8:1201:a22:b683:51ff:fe0f:6bbc",
      "reverse": "",
      "version": "IPv6",
      "reverse_status": "unknown",
      "reverse_status_message": ""
    },
    {
      "id": "eaa34473-d2bb-4313-9eaa-74d345bd96e7",
      "address": "195.154.100.192",
      "reverse": "",
      "version": "IPv4",
      "reverse_status": "unknown",
      "reverse_status_message": ""
    }
  ],
  "domain": "",
  "boot_type": "normal",
  "zone": "fr-par-2",
  "install": null,
  "ping_status": "ping_status_unknown",
  "options": [],
  "rescue_server": null,
  "protected": false
}
