üé≤üé≤üé≤ EXIT CODE: 0 üé≤üé≤üé≤
üü©üü©üü© STDOUTÔ∏è üü©üü©üü©Ô∏è
ID              d03fcee0-98f1-4852-b226-204da02266bd
OrganizationID  5ebc0159-7cb7-406c-9521-9347d1987fb2
ProjectID       5ebc0159-7cb7-406c-9521-9347d1987fb2
Name            cli-bm-quizzical-ardinghelli
Description     -
UpdatedAt       few seconds ago
CreatedAt       few seconds ago
Status          ready
OfferID         206ea234-9097-4ae1-af68-6d2be09f47ed
OfferName       EM-B220E-NVME
Domain          d03fcee0-98f1-4852-b226-204da02266bd.fr-par-1.baremetal.scw.cloud
BootType        normal
Zone            fr-par-1
PingStatus      up

IPs:
ID                                    ADDRESS                               REVERSE                                                            VERSION  REVERSE STATUS  REVERSE STATUS MESSAGE
547f44e8-431b-4bcf-ade0-f49e163ed8b2  62.210.158.112                        d03fcee0-98f1-4852-b226-204da02266bd.fr-par-1.baremetal.scw.cloud  IPv4     active          -
73b3a7fd-4083-4ff4-a4e2-89a31fe00bcc  2001:bc8:701:702:3eec:efff:fefe:ef2c  d03fcee0-98f1-4852-b226-204da02266bd.fr-par-1.baremetal.scw.cloud  IPv6     active          -

Options:
ID   NAME  STATUS  MANAGEABLE  EXPIRES AT

Install:
OsID                                                          03b7f4ba-a6a1-4305-984e-b54fafbf1681
Hostname                                                      test-install-server
SSHKeyIDs.0                                                   6261b62a-b17a-4ae3-a897-fb759da40c7b
Status                                                        completed
User                                                          ubuntu
ServiceUser                                                   -
ServiceURL                                                    -
PartitioningSchema.Disks.0.Device                             /dev/nvme0n1
PartitioningSchema.Disks.0.Partitions.0.Label                 uefi
PartitioningSchema.Disks.0.Partitions.0.Number                1
PartitioningSchema.Disks.0.Partitions.0.Size                  512 MiB
PartitioningSchema.Disks.0.Partitions.0.UseAllAvailableSpace  false
PartitioningSchema.Disks.0.Partitions.1.Label                 swap
PartitioningSchema.Disks.0.Partitions.1.Number                2
PartitioningSchema.Disks.0.Partitions.1.Size                  4.0 GiB
PartitioningSchema.Disks.0.Partitions.1.UseAllAvailableSpace  false
PartitioningSchema.Disks.0.Partitions.2.Label                 boot
PartitioningSchema.Disks.0.Partitions.2.Number                3
PartitioningSchema.Disks.0.Partitions.2.Size                  512 MiB
PartitioningSchema.Disks.0.Partitions.2.UseAllAvailableSpace  false
PartitioningSchema.Disks.0.Partitions.3.Label                 root
PartitioningSchema.Disks.0.Partitions.3.Number                4
PartitioningSchema.Disks.0.Partitions.3.Size                  949 GiB
PartitioningSchema.Disks.0.Partitions.3.UseAllAvailableSpace  false
PartitioningSchema.Disks.1.Device                             /dev/nvme1n1
PartitioningSchema.Disks.1.Partitions.0.Label                 swap
PartitioningSchema.Disks.1.Partitions.0.Number                1
PartitioningSchema.Disks.1.Partitions.0.Size                  4.0 GiB
PartitioningSchema.Disks.1.Partitions.0.UseAllAvailableSpace  false
PartitioningSchema.Disks.1.Partitions.1.Label                 boot
PartitioningSchema.Disks.1.Partitions.1.Number                2
PartitioningSchema.Disks.1.Partitions.1.Size                  512 MiB
PartitioningSchema.Disks.1.Partitions.1.UseAllAvailableSpace  false
PartitioningSchema.Disks.1.Partitions.2.Label                 root
PartitioningSchema.Disks.1.Partitions.2.Number                3
PartitioningSchema.Disks.1.Partitions.2.Size                  949 GiB
PartitioningSchema.Disks.1.Partitions.2.UseAllAvailableSpace  false
PartitioningSchema.Raids.0.Name                               /dev/md0
PartitioningSchema.Raids.0.Level                              raid_level_1
PartitioningSchema.Raids.0.Devices.0                          /dev/nvme0n1p3
PartitioningSchema.Raids.0.Devices.1                          /dev/nvme1n1p2
PartitioningSchema.Raids.1.Name                               /dev/md1
PartitioningSchema.Raids.1.Level                              raid_level_1
PartitioningSchema.Raids.1.Devices.0                          /dev/nvme0n1p4
PartitioningSchema.Raids.1.Devices.1                          /dev/nvme1n1p3
PartitioningSchema.Filesystems.0.Device                       /dev/nvme0n1p1
PartitioningSchema.Filesystems.0.Format                       fat32
PartitioningSchema.Filesystems.0.Mountpoint                   /boot/efi
PartitioningSchema.Filesystems.1.Device                       /dev/md0
PartitioningSchema.Filesystems.1.Format                       ext4
PartitioningSchema.Filesystems.1.Mountpoint                   /boot
PartitioningSchema.Filesystems.2.Device                       /dev/md1
PartitioningSchema.Filesystems.2.Format                       ext4
PartitioningSchema.Filesystems.2.Mountpoint                   /
üü©üü©üü© JSON STDOUT üü©üü©üü©
{
  "id": "d03fcee0-98f1-4852-b226-204da02266bd",
  "organization_id": "5ebc0159-7cb7-406c-9521-9347d1987fb2",
  "project_id": "5ebc0159-7cb7-406c-9521-9347d1987fb2",
  "name": "cli-bm-quizzical-ardinghelli",
  "description": "",
  "updated_at": "1970-01-01T00:00:00.0Z",
  "created_at": "1970-01-01T00:00:00.0Z",
  "status": "ready",
  "offer_id": "206ea234-9097-4ae1-af68-6d2be09f47ed",
  "offer_name": "EM-B220E-NVME",
  "tags": [],
  "ips": [
    {
      "id": "547f44e8-431b-4bcf-ade0-f49e163ed8b2",
      "address": "62.210.158.112",
      "reverse": "d03fcee0-98f1-4852-b226-204da02266bd.fr-par-1.baremetal.scw.cloud",
      "version": "IPv4",
      "reverse_status": "active",
      "reverse_status_message": ""
    },
    {
      "id": "73b3a7fd-4083-4ff4-a4e2-89a31fe00bcc",
      "address": "2001:bc8:701:702:3eec:efff:fefe:ef2c",
      "reverse": "d03fcee0-98f1-4852-b226-204da02266bd.fr-par-1.baremetal.scw.cloud",
      "version": "IPv6",
      "reverse_status": "active",
      "reverse_status_message": ""
    }
  ],
  "domain": "d03fcee0-98f1-4852-b226-204da02266bd.fr-par-1.baremetal.scw.cloud",
  "boot_type": "normal",
  "zone": "fr-par-1",
  "install": {
    "os_id": "03b7f4ba-a6a1-4305-984e-b54fafbf1681",
    "hostname": "test-install-server",
    "ssh_key_ids": [
      "6261b62a-b17a-4ae3-a897-fb759da40c7b"
    ],
    "status": "completed",
    "user": "ubuntu",
    "service_user": "",
    "service_url": "",
    "partitioning_schema": {
      "disks": [
        {
          "device": "/dev/nvme0n1",
          "partitions": [
            {
              "label": "uefi",
              "number": 1,
              "size": 536870912,
              "use_all_available_space": false
            },
            {
              "label": "swap",
              "number": 2,
              "size": 4294967296,
              "use_all_available_space": false
            },
            {
              "label": "boot",
              "number": 3,
              "size": 536870912,
              "use_all_available_space": false
            },
            {
              "label": "root",
              "number": 4,
              "size": 1018839433216,
              "use_all_available_space": false
            }
          ]
        },
        {
          "device": "/dev/nvme1n1",
          "partitions": [
            {
              "label": "swap",
              "number": 1,
              "size": 4294967296,
              "use_all_available_space": false
            },
            {
              "label": "boot",
              "number": 2,
              "size": 536870912,
              "use_all_available_space": false
            },
            {
              "label": "root",
              "number": 3,
              "size": 1018839433216,
              "use_all_available_space": false
            }
          ]
        }
      ],
      "raids": [
        {
          "name": "/dev/md0",
          "level": "raid_level_1",
          "devices": [
            "/dev/nvme0n1p3",
            "/dev/nvme1n1p2"
          ]
        },
        {
          "name": "/dev/md1",
          "level": "raid_level_1",
          "devices": [
            "/dev/nvme0n1p4",
            "/dev/nvme1n1p3"
          ]
        }
      ],
      "filesystems": [
        {
          "device": "/dev/nvme0n1p1",
          "format": "fat32",
          "mountpoint": "/boot/efi"
        },
        {
          "device": "/dev/md0",
          "format": "ext4",
          "mountpoint": "/boot"
        },
        {
          "device": "/dev/md1",
          "format": "ext4",
          "mountpoint": "/"
        }
      ],
      "zfs": {
        "pools": []
      }
    }
  },
  "ping_status": "ping_status_up",
  "options": [],
  "rescue_server": null
}
