🎲🎲🎲 EXIT CODE: 0 🎲🎲🎲
🟩🟩🟩 STDOUT️ 🟩🟩🟩️
ID                              b4305a2c-7d52-4977-b923-9212ce7bb408
Name                            cli-pn-sweet-margulis
OrganizationID                  564aa517-68b0-4fd7-8c8c-d21c4bcdcbd5
ProjectID                       564aa517-68b0-4fd7-8c8c-d21c4bcdcbd5
Region                          fr-par
CreatedAt                       few seconds ago
UpdatedAt                       few seconds ago
VpcID                           086a5171-f7ab-4667-a231-840a81203f19
DHCPEnabled                     true
DefaultRoutePropagationEnabled  false

Instance Servers:
ID                                    NAME                     STATE     NIC ID                                MAC ADDRESS
42195acf-1a09-47c8-8332-48031efdc984  cli-srv-awesome-poitras  archived  c8f2a003-8476-428b-8bef-70b07b64083d  02:00:00:10:5b:44

Subnets:
ID                                    CREATED AT       UPDATED AT       SUBNET                    PROJECT ID                            PRIVATE NETWORK ID                    VPC ID
625801e0-4a6b-4f21-97be-157d0a5b79d6  few seconds ago  few seconds ago  172.16.0.0/22             564aa517-68b0-4fd7-8c8c-d21c4bcdcbd5  b4305a2c-7d52-4977-b923-9212ce7bb408  086a5171-f7ab-4667-a231-840a81203f19
95c00a18-e803-48b9-803f-ec002f7020b3  few seconds ago  few seconds ago  fd46:78ab:30b8:afec::/64  564aa517-68b0-4fd7-8c8c-d21c4bcdcbd5  b4305a2c-7d52-4977-b923-9212ce7bb408  086a5171-f7ab-4667-a231-840a81203f19
🟩🟩🟩 JSON STDOUT 🟩🟩🟩
{
  "id": "b4305a2c-7d52-4977-b923-9212ce7bb408",
  "name": "cli-pn-sweet-margulis",
  "organization_id": "564aa517-68b0-4fd7-8c8c-d21c4bcdcbd5",
  "project_id": "564aa517-68b0-4fd7-8c8c-d21c4bcdcbd5",
  "region": "fr-par",
  "tags": [],
  "created_at": "1970-01-01T00:00:00.0Z",
  "updated_at": "1970-01-01T00:00:00.0Z",
  "subnets": [
    {
      "id": "625801e0-4a6b-4f21-97be-157d0a5b79d6",
      "created_at": "1970-01-01T00:00:00.0Z",
      "updated_at": "1970-01-01T00:00:00.0Z",
      "subnet": "172.16.0.0/22",
      "project_id": "564aa517-68b0-4fd7-8c8c-d21c4bcdcbd5",
      "private_network_id": "b4305a2c-7d52-4977-b923-9212ce7bb408",
      "vpc_id": "086a5171-f7ab-4667-a231-840a81203f19"
    },
    {
      "id": "95c00a18-e803-48b9-803f-ec002f7020b3",
      "created_at": "1970-01-01T00:00:00.0Z",
      "updated_at": "1970-01-01T00:00:00.0Z",
      "subnet": "fd46:78ab:30b8:afec::/64",
      "project_id": "564aa517-68b0-4fd7-8c8c-d21c4bcdcbd5",
      "private_network_id": "b4305a2c-7d52-4977-b923-9212ce7bb408",
      "vpc_id": "086a5171-f7ab-4667-a231-840a81203f19"
    }
  ],
  "vpc_id": "086a5171-f7ab-4667-a231-840a81203f19",
  "dhcp_enabled": true,
  "default_route_propagation_enabled": false,
  "instance_servers": [
    {
      "id": "42195acf-1a09-47c8-8332-48031efdc984",
      "name": "cli-srv-awesome-poitras",
      "state": "stopped",
      "nic_id": "c8f2a003-8476-428b-8bef-70b07b64083d",
      "mac": "02:00:00:10:5b:44"
    }
  ]
}
